// Vitest Snapshot v1

exports[`Test suite on ModalWelcome component > must show the gretting text 1`] = `<div />`;
